# serializer version: 1
# name: test_render_snapshots
  dict({
    'admonition_and_table': '''
      <h1 id="rich">Rich<a class="headerlink" href="#rich" title="Permanent link">¤</a></h1>
      <div class="admonition note">
      <p class="admonition-title">Note</p>
      <p>A note admonition body.</p>
      </div>
      <table>
      <thead>
      <tr>
      <th>Col A</th>
      <th>Col B</th>
      </tr>
      </thead>
      <tbody>
      <tr>
      <td>1</td>
      <td>2</td>
      </tr>
      </tbody>
      </table>
    ''',
    'code_blocks': '''
      <h1 id="code">Code<a class="headerlink" href="#code" title="Permanent link">¤</a></h1>
      <div class="highlight"><pre><span></span><code><a id="__codelineno-0-1" name="__codelineno-0-1" href="#__codelineno-0-1"></a><span class="k">def</span><span class="w"> </span><span class="nf">f</span><span class="p">(</span><span class="n">x</span><span class="p">):</span>
      <a id="__codelineno-0-2" name="__codelineno-0-2" href="#__codelineno-0-2"></a>    <span class="k">return</span> <span class="n">x</span> <span class="o">+</span> <span class="mi">1</span>
      </code></pre></div>
      <div class="highlight"><pre><span></span><code><a id="__codelineno-1-1" name="__codelineno-1-1" href="#__codelineno-1-1"></a><span class="k">class</span><span class="w"> </span><span class="nc">Button</span><span class="p">(</span><span class="n">Component</span><span class="p">):</span>
      <a id="__codelineno-1-2" name="__codelineno-1-2" href="#__codelineno-1-2"></a>    <span class="n">template</span> <span class="o">=</span> <span class="s2">&quot;&lt;button&gt;{{ label }}&lt;/button&gt;&quot;</span>
      </code></pre></div>
    ''',
    'headings_and_prose': '''
      <h1 id="title">Title<a class="headerlink" href="#title" title="Permanent link">¤</a></h1>
      <p>Intro paragraph with <code>inline code</code> and a <a href="https://example.com">link</a>.</p>
      <h2 id="section">Section<a class="headerlink" href="#section" title="Permanent link">¤</a></h2>
      <p>Some <strong>bold</strong> and <em>italic</em> text.</p>
      <h3 id="subsection">Subsection<a class="headerlink" href="#subsection" title="Permanent link">¤</a></h3>
      <ul>
      <li>one</li>
      <li>two</li>
      <li>three</li>
      </ul>
    ''',
  })
# ---
