# serializer version: 1
# name: test_discovery_snapshot
  dict({
    'api': dict({
      'entries': list([
        dict({
          'canonical_anchor': 'BaseNode',
          'display_name': 'BaseNode',
          'dotted_path': 'django_components.BaseNode',
          'kind': 'class',
          'legacy_anchor': 'django_components.BaseNode',
        }),
        dict({
          'canonical_anchor': 'CommandLiteralAction',
          'display_name': 'CommandLiteralAction',
          'dotted_path': 'django_components.CommandLiteralAction',
          'kind': 'class',
          'legacy_anchor': 'django_components.CommandLiteralAction',
        }),
        dict({
          'canonical_anchor': 'Component',
          'display_name': 'Component',
          'dotted_path': 'django_components.Component',
          'kind': 'class',
          'legacy_anchor': 'django_components.Component',
        }),
        dict({
          'canonical_anchor': 'ComponentCache',
          'display_name': 'ComponentCache',
          'dotted_path': 'django_components.ComponentCache',
          'kind': 'class',
          'legacy_anchor': 'django_components.ComponentCache',
        }),
        dict({
          'canonical_anchor': 'ComponentDebugHighlight',
          'display_name': 'ComponentDebugHighlight',
          'dotted_path': 'django_components.ComponentDebugHighlight',
          'kind': 'class',
          'legacy_anchor': 'django_components.ComponentDebugHighlight',
        }),
        dict({
          'canonical_anchor': 'ComponentDefaults',
          'display_name': 'ComponentDefaults',
          'dotted_path': 'django_components.ComponentDefaults',
          'kind': 'class',
          'legacy_anchor': 'django_components.ComponentDefaults',
        }),
        dict({
          'canonical_anchor': 'ComponentExtension',
          'display_name': 'ComponentExtension',
          'dotted_path': 'django_components.ComponentExtension',
          'kind': 'class',
          'legacy_anchor': 'django_components.ComponentExtension',
        }),
        dict({
          'canonical_anchor': 'ComponentFileEntry',
          'display_name': 'ComponentFileEntry',
          'dotted_path': 'django_components.ComponentFileEntry',
          'kind': 'class',
          'legacy_anchor': 'django_components.ComponentFileEntry',
        }),
        dict({
          'canonical_anchor': 'ComponentInput',
          'display_name': 'ComponentInput',
          'dotted_path': 'django_components.ComponentInput',
          'kind': 'class',
          'legacy_anchor': 'django_components.ComponentInput',
        }),
        dict({
          'canonical_anchor': 'ComponentMediaInput',
          'display_name': 'ComponentMediaInput',
          'dotted_path': 'django_components.ComponentMediaInput',
          'kind': 'class',
          'legacy_anchor': 'django_components.ComponentMediaInput',
        }),
        dict({
          'canonical_anchor': 'ComponentMediaInputPath',
          'display_name': 'ComponentMediaInputPath',
          'dotted_path': 'django_components.ComponentMediaInputPath',
          'kind': 'class',
          'legacy_anchor': 'django_components.ComponentMediaInputPath',
        }),
        dict({
          'canonical_anchor': 'ComponentNode',
          'display_name': 'ComponentNode',
          'dotted_path': 'django_components.ComponentNode',
          'kind': 'class',
          'legacy_anchor': 'django_components.ComponentNode',
        }),
        dict({
          'canonical_anchor': 'ComponentRegistry',
          'display_name': 'ComponentRegistry',
          'dotted_path': 'django_components.ComponentRegistry',
          'kind': 'class',
          'legacy_anchor': 'django_components.ComponentRegistry',
        }),
        dict({
          'canonical_anchor': 'ComponentVars',
          'display_name': 'ComponentVars',
          'dotted_path': 'django_components.ComponentVars',
          'kind': 'class',
          'legacy_anchor': 'django_components.ComponentVars',
        }),
        dict({
          'canonical_anchor': 'ComponentView',
          'display_name': 'ComponentView',
          'dotted_path': 'django_components.ComponentView',
          'kind': 'class',
          'legacy_anchor': 'django_components.ComponentView',
        }),
        dict({
          'canonical_anchor': 'ComponentsSettings',
          'display_name': 'ComponentsSettings',
          'dotted_path': 'django_components.ComponentsSettings',
          'kind': 'class',
          'legacy_anchor': 'django_components.ComponentsSettings',
        }),
        dict({
          'canonical_anchor': 'ContextBehavior',
          'display_name': 'ContextBehavior',
          'dotted_path': 'django_components.ContextBehavior',
          'kind': 'class',
          'legacy_anchor': 'django_components.ContextBehavior',
        }),
        dict({
          'canonical_anchor': 'Default',
          'display_name': 'Default',
          'dotted_path': 'django_components.Default',
          'kind': 'class',
          'legacy_anchor': 'django_components.Default',
        }),
        dict({
          'canonical_anchor': 'DependenciesStrategy',
          'display_name': 'DependenciesStrategy',
          'dotted_path': 'django_components.DependenciesStrategy',
          'kind': 'class',
          'legacy_anchor': 'django_components.DependenciesStrategy',
        }),
        dict({
          'canonical_anchor': 'Dependency',
          'display_name': 'Dependency',
          'dotted_path': 'django_components.Dependency',
          'kind': 'class',
          'legacy_anchor': 'django_components.Dependency',
        }),
        dict({
          'canonical_anchor': 'DependencyKind',
          'display_name': 'DependencyKind',
          'dotted_path': 'django_components.DependencyKind',
          'kind': 'class',
          'legacy_anchor': 'django_components.DependencyKind',
        }),
        dict({
          'canonical_anchor': 'Empty',
          'display_name': 'Empty',
          'dotted_path': 'django_components.Empty',
          'kind': 'class',
          'legacy_anchor': 'django_components.Empty',
        }),
        dict({
          'canonical_anchor': 'ExtensionComponentConfig',
          'display_name': 'ExtensionComponentConfig',
          'dotted_path': 'django_components.ExtensionComponentConfig',
          'kind': 'class',
          'legacy_anchor': 'django_components.ExtensionComponentConfig',
        }),
        dict({
          'canonical_anchor': 'FillNode',
          'display_name': 'FillNode',
          'dotted_path': 'django_components.FillNode',
          'kind': 'class',
          'legacy_anchor': 'django_components.FillNode',
        }),
        dict({
          'canonical_anchor': 'OnRenderGenerator',
          'display_name': 'OnRenderGenerator',
          'dotted_path': 'django_components.OnRenderGenerator',
          'kind': 'class',
          'legacy_anchor': 'django_components.OnRenderGenerator',
        }),
        dict({
          'canonical_anchor': 'ProvideNode',
          'display_name': 'ProvideNode',
          'dotted_path': 'django_components.ProvideNode',
          'kind': 'class',
          'legacy_anchor': 'django_components.ProvideNode',
        }),
        dict({
          'canonical_anchor': 'RegistrySettings',
          'display_name': 'RegistrySettings',
          'dotted_path': 'django_components.RegistrySettings',
          'kind': 'class',
          'legacy_anchor': 'django_components.RegistrySettings',
        }),
        dict({
          'canonical_anchor': 'ReloadMode',
          'display_name': 'ReloadMode',
          'dotted_path': 'django_components.ReloadMode',
          'kind': 'class',
          'legacy_anchor': 'django_components.ReloadMode',
        }),
        dict({
          'canonical_anchor': 'ReloadModeType',
          'display_name': 'ReloadModeType',
          'dotted_path': 'django_components.ReloadModeType',
          'kind': 'class',
          'legacy_anchor': 'django_components.ReloadModeType',
        }),
        dict({
          'canonical_anchor': 'Script',
          'display_name': 'Script',
          'dotted_path': 'django_components.Script',
          'kind': 'class',
          'legacy_anchor': 'django_components.Script',
        }),
        dict({
          'canonical_anchor': 'Slot',
          'display_name': 'Slot',
          'dotted_path': 'django_components.Slot',
          'kind': 'class',
          'legacy_anchor': 'django_components.Slot',
        }),
        dict({
          'canonical_anchor': 'SlotContent',
          'display_name': 'SlotContent',
          'dotted_path': 'django_components.SlotContent',
          'kind': 'class',
          'legacy_anchor': 'django_components.SlotContent',
        }),
        dict({
          'canonical_anchor': 'SlotContext',
          'display_name': 'SlotContext',
          'dotted_path': 'django_components.SlotContext',
          'kind': 'class',
          'legacy_anchor': 'django_components.SlotContext',
        }),
        dict({
          'canonical_anchor': 'SlotFallback',
          'display_name': 'SlotFallback',
          'dotted_path': 'django_components.SlotFallback',
          'kind': 'class',
          'legacy_anchor': 'django_components.SlotFallback',
        }),
        dict({
          'canonical_anchor': 'SlotFunc',
          'display_name': 'SlotFunc',
          'dotted_path': 'django_components.SlotFunc',
          'kind': 'class',
          'legacy_anchor': 'django_components.SlotFunc',
        }),
        dict({
          'canonical_anchor': 'SlotInput',
          'display_name': 'SlotInput',
          'dotted_path': 'django_components.SlotInput',
          'kind': 'class',
          'legacy_anchor': 'django_components.SlotInput',
        }),
        dict({
          'canonical_anchor': 'SlotNode',
          'display_name': 'SlotNode',
          'dotted_path': 'django_components.SlotNode',
          'kind': 'class',
          'legacy_anchor': 'django_components.SlotNode',
        }),
        dict({
          'canonical_anchor': 'SlotRef',
          'display_name': 'SlotRef',
          'dotted_path': 'django_components.SlotRef',
          'kind': 'class',
          'legacy_anchor': 'django_components.SlotRef',
        }),
        dict({
          'canonical_anchor': 'SlotResult',
          'display_name': 'SlotResult',
          'dotted_path': 'django_components.SlotResult',
          'kind': 'class',
          'legacy_anchor': 'django_components.SlotResult',
        }),
        dict({
          'canonical_anchor': 'Style',
          'display_name': 'Style',
          'dotted_path': 'django_components.Style',
          'kind': 'class',
          'legacy_anchor': 'django_components.Style',
        }),
        dict({
          'canonical_anchor': 'TagFormatterABC',
          'display_name': 'TagFormatterABC',
          'dotted_path': 'django_components.TagFormatterABC',
          'kind': 'class',
          'legacy_anchor': 'django_components.TagFormatterABC',
        }),
        dict({
          'canonical_anchor': 'TagResult',
          'display_name': 'TagResult',
          'dotted_path': 'django_components.TagResult',
          'kind': 'class',
          'legacy_anchor': 'django_components.TagResult',
        }),
        dict({
          'canonical_anchor': 'all_components',
          'display_name': 'all_components',
          'dotted_path': 'django_components.all_components',
          'kind': 'class',
          'legacy_anchor': 'django_components.all_components',
        }),
        dict({
          'canonical_anchor': 'all_registries',
          'display_name': 'all_registries',
          'dotted_path': 'django_components.all_registries',
          'kind': 'class',
          'legacy_anchor': 'django_components.all_registries',
        }),
        dict({
          'canonical_anchor': 'autodiscover',
          'display_name': 'autodiscover',
          'dotted_path': 'django_components.autodiscover',
          'kind': 'class',
          'legacy_anchor': 'django_components.autodiscover',
        }),
        dict({
          'canonical_anchor': 'cached_template',
          'display_name': 'cached_template',
          'dotted_path': 'django_components.cached_template',
          'kind': 'class',
          'legacy_anchor': 'django_components.cached_template',
        }),
        dict({
          'canonical_anchor': 'format_attributes',
          'display_name': 'format_attributes',
          'dotted_path': 'django_components.format_attributes',
          'kind': 'class',
          'legacy_anchor': 'django_components.format_attributes',
        }),
        dict({
          'canonical_anchor': 'get_component_by_class_id',
          'display_name': 'get_component_by_class_id',
          'dotted_path': 'django_components.get_component_by_class_id',
          'kind': 'class',
          'legacy_anchor': 'django_components.get_component_by_class_id',
        }),
        dict({
          'canonical_anchor': 'get_component_defaults',
          'display_name': 'get_component_defaults',
          'dotted_path': 'django_components.get_component_defaults',
          'kind': 'class',
          'legacy_anchor': 'django_components.get_component_defaults',
        }),
        dict({
          'canonical_anchor': 'get_component_dirs',
          'display_name': 'get_component_dirs',
          'dotted_path': 'django_components.get_component_dirs',
          'kind': 'class',
          'legacy_anchor': 'django_components.get_component_dirs',
        }),
        dict({
          'canonical_anchor': 'get_component_files',
          'display_name': 'get_component_files',
          'dotted_path': 'django_components.get_component_files',
          'kind': 'class',
          'legacy_anchor': 'django_components.get_component_files',
        }),
        dict({
          'canonical_anchor': 'get_component_url',
          'display_name': 'get_component_url',
          'dotted_path': 'django_components.get_component_url',
          'kind': 'class',
          'legacy_anchor': 'django_components.get_component_url',
        }),
        dict({
          'canonical_anchor': 'import_libraries',
          'display_name': 'import_libraries',
          'dotted_path': 'django_components.import_libraries',
          'kind': 'class',
          'legacy_anchor': 'django_components.import_libraries',
        }),
        dict({
          'canonical_anchor': 'merge_attributes',
          'display_name': 'merge_attributes',
          'dotted_path': 'django_components.merge_attributes',
          'kind': 'class',
          'legacy_anchor': 'django_components.merge_attributes',
        }),
        dict({
          'canonical_anchor': 'register',
          'display_name': 'register',
          'dotted_path': 'django_components.register',
          'kind': 'class',
          'legacy_anchor': 'django_components.register',
        }),
        dict({
          'canonical_anchor': 'registry',
          'display_name': 'registry',
          'dotted_path': 'django_components.registry',
          'kind': 'class',
          'legacy_anchor': 'django_components.registry',
        }),
        dict({
          'canonical_anchor': 'render_dependencies',
          'display_name': 'render_dependencies',
          'dotted_path': 'django_components.render_dependencies',
          'kind': 'class',
          'legacy_anchor': 'django_components.render_dependencies',
        }),
        dict({
          'canonical_anchor': 'template_tag',
          'display_name': 'template_tag',
          'dotted_path': 'django_components.template_tag',
          'kind': 'class',
          'legacy_anchor': 'django_components.template_tag',
        }),
      ]),
      'layout': 'repeater',
      'title': 'API',
    }),
    'commands': dict({
      'entries': list([
        dict({
          'canonical_anchor': 'components',
          'display_name': 'components',
          'dotted_path': 'django_components.commands.components.ComponentsRootCommand',
          'kind': 'management_command',
          'legacy_anchor': 'components',
        }),
        dict({
          'canonical_anchor': 'components-create',
          'display_name': 'components create',
          'dotted_path': 'django_components.commands.create.CreateCommand',
          'kind': 'management_command',
          'legacy_anchor': 'components-create',
        }),
        dict({
          'canonical_anchor': 'components-upgrade',
          'display_name': 'components upgrade',
          'dotted_path': 'django_components.commands.upgrade.UpgradeCommand',
          'kind': 'management_command',
          'legacy_anchor': 'components-upgrade',
        }),
        dict({
          'canonical_anchor': 'components-ext',
          'display_name': 'components ext',
          'dotted_path': 'django_components.commands.ext.ExtCommand',
          'kind': 'management_command',
          'legacy_anchor': 'components-ext',
        }),
        dict({
          'canonical_anchor': 'components-ext-list',
          'display_name': 'components ext list',
          'dotted_path': 'django_components.commands.ext_list.ExtListCommand',
          'kind': 'management_command',
          'legacy_anchor': 'components-ext-list',
        }),
        dict({
          'canonical_anchor': 'components-ext-run',
          'display_name': 'components ext run',
          'dotted_path': 'django_components.commands.ext_run.ExtRunCommand',
          'kind': 'management_command',
          'legacy_anchor': 'components-ext-run',
        }),
        dict({
          'canonical_anchor': 'components-list',
          'display_name': 'components list',
          'dotted_path': 'django_components.commands.list.ComponentListCommand',
          'kind': 'management_command',
          'legacy_anchor': 'components-list',
        }),
      ]),
      'layout': 'command_tree',
      'title': 'CLI commands',
    }),
    'components': dict({
      'entries': list([
        dict({
          'canonical_anchor': 'DynamicComponent',
          'display_name': 'DynamicComponent',
          'dotted_path': 'django_components.components.dynamic.DynamicComponent',
          'kind': 'component_class',
          'legacy_anchor': 'django_components.components.dynamic.DynamicComponent',
        }),
        dict({
          'canonical_anchor': 'ErrorFallback',
          'display_name': 'ErrorFallback',
          'dotted_path': 'django_components.components.error_fallback.ErrorFallback',
          'kind': 'component_class',
          'legacy_anchor': 'django_components.components.error_fallback.ErrorFallback',
        }),
      ]),
      'layout': 'repeater',
      'title': 'Components',
    }),
    'exceptions': dict({
      'entries': list([
        dict({
          'canonical_anchor': 'AlreadyRegistered',
          'display_name': 'AlreadyRegistered',
          'dotted_path': 'django_components.AlreadyRegistered',
          'kind': 'class',
          'legacy_anchor': 'django_components.AlreadyRegistered',
        }),
        dict({
          'canonical_anchor': 'NotRegistered',
          'display_name': 'NotRegistered',
          'dotted_path': 'django_components.NotRegistered',
          'kind': 'class',
          'legacy_anchor': 'django_components.NotRegistered',
        }),
        dict({
          'canonical_anchor': 'TagProtectedError',
          'display_name': 'TagProtectedError',
          'dotted_path': 'django_components.TagProtectedError',
          'kind': 'class',
          'legacy_anchor': 'django_components.TagProtectedError',
        }),
      ]),
      'layout': 'repeater',
      'title': 'Exceptions',
    }),
    'extension_commands': dict({
      'entries': list([
        dict({
          'canonical_anchor': 'CommandArg',
          'display_name': 'CommandArg',
          'dotted_path': 'django_components.CommandArg',
          'kind': 'class',
          'legacy_anchor': 'django_components.CommandArg',
        }),
        dict({
          'canonical_anchor': 'CommandArgGroup',
          'display_name': 'CommandArgGroup',
          'dotted_path': 'django_components.CommandArgGroup',
          'kind': 'class',
          'legacy_anchor': 'django_components.CommandArgGroup',
        }),
        dict({
          'canonical_anchor': 'CommandHandler',
          'display_name': 'CommandHandler',
          'dotted_path': 'django_components.CommandHandler',
          'kind': 'class',
          'legacy_anchor': 'django_components.CommandHandler',
        }),
        dict({
          'canonical_anchor': 'CommandParserInput',
          'display_name': 'CommandParserInput',
          'dotted_path': 'django_components.CommandParserInput',
          'kind': 'class',
          'legacy_anchor': 'django_components.CommandParserInput',
        }),
        dict({
          'canonical_anchor': 'CommandSubcommand',
          'display_name': 'CommandSubcommand',
          'dotted_path': 'django_components.CommandSubcommand',
          'kind': 'class',
          'legacy_anchor': 'django_components.CommandSubcommand',
        }),
        dict({
          'canonical_anchor': 'ComponentCommand',
          'display_name': 'ComponentCommand',
          'dotted_path': 'django_components.ComponentCommand',
          'kind': 'class',
          'legacy_anchor': 'django_components.ComponentCommand',
        }),
      ]),
      'layout': 'repeater',
      'title': 'Extension commands',
    }),
    'extension_hooks': dict({
      'entries': list([
        dict({
          'canonical_anchor': 'on_component_class_created',
          'display_name': 'on_component_class_created',
          'dotted_path': 'django_components.extension.ComponentExtension.on_component_class_created',
          'kind': 'extension_hook',
          'legacy_anchor': 'django_components.extension.ComponentExtension.on_component_class_created',
        }),
        dict({
          'canonical_anchor': 'on_component_class_deleted',
          'display_name': 'on_component_class_deleted',
          'dotted_path': 'django_components.extension.ComponentExtension.on_component_class_deleted',
          'kind': 'extension_hook',
          'legacy_anchor': 'django_components.extension.ComponentExtension.on_component_class_deleted',
        }),
        dict({
          'canonical_anchor': 'on_component_data',
          'display_name': 'on_component_data',
          'dotted_path': 'django_components.extension.ComponentExtension.on_component_data',
          'kind': 'extension_hook',
          'legacy_anchor': 'django_components.extension.ComponentExtension.on_component_data',
        }),
        dict({
          'canonical_anchor': 'on_component_input',
          'display_name': 'on_component_input',
          'dotted_path': 'django_components.extension.ComponentExtension.on_component_input',
          'kind': 'extension_hook',
          'legacy_anchor': 'django_components.extension.ComponentExtension.on_component_input',
        }),
        dict({
          'canonical_anchor': 'on_component_registered',
          'display_name': 'on_component_registered',
          'dotted_path': 'django_components.extension.ComponentExtension.on_component_registered',
          'kind': 'extension_hook',
          'legacy_anchor': 'django_components.extension.ComponentExtension.on_component_registered',
        }),
        dict({
          'canonical_anchor': 'on_component_rendered',
          'display_name': 'on_component_rendered',
          'dotted_path': 'django_components.extension.ComponentExtension.on_component_rendered',
          'kind': 'extension_hook',
          'legacy_anchor': 'django_components.extension.ComponentExtension.on_component_rendered',
        }),
        dict({
          'canonical_anchor': 'on_component_unregistered',
          'display_name': 'on_component_unregistered',
          'dotted_path': 'django_components.extension.ComponentExtension.on_component_unregistered',
          'kind': 'extension_hook',
          'legacy_anchor': 'django_components.extension.ComponentExtension.on_component_unregistered',
        }),
        dict({
          'canonical_anchor': 'on_css_loaded',
          'display_name': 'on_css_loaded',
          'dotted_path': 'django_components.extension.ComponentExtension.on_css_loaded',
          'kind': 'extension_hook',
          'legacy_anchor': 'django_components.extension.ComponentExtension.on_css_loaded',
        }),
        dict({
          'canonical_anchor': 'on_dependencies',
          'display_name': 'on_dependencies',
          'dotted_path': 'django_components.extension.ComponentExtension.on_dependencies',
          'kind': 'extension_hook',
          'legacy_anchor': 'django_components.extension.ComponentExtension.on_dependencies',
        }),
        dict({
          'canonical_anchor': 'on_extension_created',
          'display_name': 'on_extension_created',
          'dotted_path': 'django_components.extension.ComponentExtension.on_extension_created',
          'kind': 'extension_hook',
          'legacy_anchor': 'django_components.extension.ComponentExtension.on_extension_created',
        }),
        dict({
          'canonical_anchor': 'on_js_loaded',
          'display_name': 'on_js_loaded',
          'dotted_path': 'django_components.extension.ComponentExtension.on_js_loaded',
          'kind': 'extension_hook',
          'legacy_anchor': 'django_components.extension.ComponentExtension.on_js_loaded',
        }),
        dict({
          'canonical_anchor': 'on_registry_created',
          'display_name': 'on_registry_created',
          'dotted_path': 'django_components.extension.ComponentExtension.on_registry_created',
          'kind': 'extension_hook',
          'legacy_anchor': 'django_components.extension.ComponentExtension.on_registry_created',
        }),
        dict({
          'canonical_anchor': 'on_registry_deleted',
          'display_name': 'on_registry_deleted',
          'dotted_path': 'django_components.extension.ComponentExtension.on_registry_deleted',
          'kind': 'extension_hook',
          'legacy_anchor': 'django_components.extension.ComponentExtension.on_registry_deleted',
        }),
        dict({
          'canonical_anchor': 'on_slot_rendered',
          'display_name': 'on_slot_rendered',
          'dotted_path': 'django_components.extension.ComponentExtension.on_slot_rendered',
          'kind': 'extension_hook',
          'legacy_anchor': 'django_components.extension.ComponentExtension.on_slot_rendered',
        }),
        dict({
          'canonical_anchor': 'on_template_compiled',
          'display_name': 'on_template_compiled',
          'dotted_path': 'django_components.extension.ComponentExtension.on_template_compiled',
          'kind': 'extension_hook',
          'legacy_anchor': 'django_components.extension.ComponentExtension.on_template_compiled',
        }),
        dict({
          'canonical_anchor': 'on_template_loaded',
          'display_name': 'on_template_loaded',
          'dotted_path': 'django_components.extension.ComponentExtension.on_template_loaded',
          'kind': 'extension_hook',
          'legacy_anchor': 'django_components.extension.ComponentExtension.on_template_loaded',
        }),
        dict({
          'canonical_anchor': 'OnComponentClassCreatedContext',
          'display_name': 'OnComponentClassCreatedContext',
          'dotted_path': 'django_components.extension.OnComponentClassCreatedContext',
          'kind': 'hook_context',
          'legacy_anchor': 'django_components.extension.OnComponentClassCreatedContext',
        }),
        dict({
          'canonical_anchor': 'OnComponentClassDeletedContext',
          'display_name': 'OnComponentClassDeletedContext',
          'dotted_path': 'django_components.extension.OnComponentClassDeletedContext',
          'kind': 'hook_context',
          'legacy_anchor': 'django_components.extension.OnComponentClassDeletedContext',
        }),
        dict({
          'canonical_anchor': 'OnComponentDataContext',
          'display_name': 'OnComponentDataContext',
          'dotted_path': 'django_components.extension.OnComponentDataContext',
          'kind': 'hook_context',
          'legacy_anchor': 'django_components.extension.OnComponentDataContext',
        }),
        dict({
          'canonical_anchor': 'OnComponentInputContext',
          'display_name': 'OnComponentInputContext',
          'dotted_path': 'django_components.extension.OnComponentInputContext',
          'kind': 'hook_context',
          'legacy_anchor': 'django_components.extension.OnComponentInputContext',
        }),
        dict({
          'canonical_anchor': 'OnComponentRegisteredContext',
          'display_name': 'OnComponentRegisteredContext',
          'dotted_path': 'django_components.extension.OnComponentRegisteredContext',
          'kind': 'hook_context',
          'legacy_anchor': 'django_components.extension.OnComponentRegisteredContext',
        }),
        dict({
          'canonical_anchor': 'OnComponentRenderedContext',
          'display_name': 'OnComponentRenderedContext',
          'dotted_path': 'django_components.extension.OnComponentRenderedContext',
          'kind': 'hook_context',
          'legacy_anchor': 'django_components.extension.OnComponentRenderedContext',
        }),
        dict({
          'canonical_anchor': 'OnComponentUnregisteredContext',
          'display_name': 'OnComponentUnregisteredContext',
          'dotted_path': 'django_components.extension.OnComponentUnregisteredContext',
          'kind': 'hook_context',
          'legacy_anchor': 'django_components.extension.OnComponentUnregisteredContext',
        }),
        dict({
          'canonical_anchor': 'OnCssLoadedContext',
          'display_name': 'OnCssLoadedContext',
          'dotted_path': 'django_components.extension.OnCssLoadedContext',
          'kind': 'hook_context',
          'legacy_anchor': 'django_components.extension.OnCssLoadedContext',
        }),
        dict({
          'canonical_anchor': 'OnDependenciesContext',
          'display_name': 'OnDependenciesContext',
          'dotted_path': 'django_components.extension.OnDependenciesContext',
          'kind': 'hook_context',
          'legacy_anchor': 'django_components.extension.OnDependenciesContext',
        }),
        dict({
          'canonical_anchor': 'OnExtensionCreatedContext',
          'display_name': 'OnExtensionCreatedContext',
          'dotted_path': 'django_components.extension.OnExtensionCreatedContext',
          'kind': 'hook_context',
          'legacy_anchor': 'django_components.extension.OnExtensionCreatedContext',
        }),
        dict({
          'canonical_anchor': 'OnJsLoadedContext',
          'display_name': 'OnJsLoadedContext',
          'dotted_path': 'django_components.extension.OnJsLoadedContext',
          'kind': 'hook_context',
          'legacy_anchor': 'django_components.extension.OnJsLoadedContext',
        }),
        dict({
          'canonical_anchor': 'OnRegistryCreatedContext',
          'display_name': 'OnRegistryCreatedContext',
          'dotted_path': 'django_components.extension.OnRegistryCreatedContext',
          'kind': 'hook_context',
          'legacy_anchor': 'django_components.extension.OnRegistryCreatedContext',
        }),
        dict({
          'canonical_anchor': 'OnRegistryDeletedContext',
          'display_name': 'OnRegistryDeletedContext',
          'dotted_path': 'django_components.extension.OnRegistryDeletedContext',
          'kind': 'hook_context',
          'legacy_anchor': 'django_components.extension.OnRegistryDeletedContext',
        }),
        dict({
          'canonical_anchor': 'OnSlotRenderedContext',
          'display_name': 'OnSlotRenderedContext',
          'dotted_path': 'django_components.extension.OnSlotRenderedContext',
          'kind': 'hook_context',
          'legacy_anchor': 'django_components.extension.OnSlotRenderedContext',
        }),
        dict({
          'canonical_anchor': 'OnTemplateCompiledContext',
          'display_name': 'OnTemplateCompiledContext',
          'dotted_path': 'django_components.extension.OnTemplateCompiledContext',
          'kind': 'hook_context',
          'legacy_anchor': 'django_components.extension.OnTemplateCompiledContext',
        }),
        dict({
          'canonical_anchor': 'OnTemplateLoadedContext',
          'display_name': 'OnTemplateLoadedContext',
          'dotted_path': 'django_components.extension.OnTemplateLoadedContext',
          'kind': 'hook_context',
          'legacy_anchor': 'django_components.extension.OnTemplateLoadedContext',
        }),
      ]),
      'layout': 'hooks_plus_objects',
      'title': 'Extension hooks',
    }),
    'extension_urls': dict({
      'entries': list([
        dict({
          'canonical_anchor': 'URLRoute',
          'display_name': 'URLRoute',
          'dotted_path': 'django_components.URLRoute',
          'kind': 'class',
          'legacy_anchor': 'django_components.URLRoute',
        }),
        dict({
          'canonical_anchor': 'URLRouteHandler',
          'display_name': 'URLRouteHandler',
          'dotted_path': 'django_components.URLRouteHandler',
          'kind': 'class',
          'legacy_anchor': 'django_components.URLRouteHandler',
        }),
      ]),
      'layout': 'repeater',
      'title': 'Extension URLs',
    }),
    'settings': dict({
      'entries': list([
        dict({
          'canonical_anchor': 'extensions',
          'display_name': 'extensions',
          'dotted_path': 'django_components.app_settings.ComponentsSettings.extensions',
          'kind': 'setting',
          'legacy_anchor': 'django_components.app_settings.ComponentsSettings.extensions',
        }),
        dict({
          'canonical_anchor': 'extensions_defaults',
          'display_name': 'extensions_defaults',
          'dotted_path': 'django_components.app_settings.ComponentsSettings.extensions_defaults',
          'kind': 'setting',
          'legacy_anchor': 'django_components.app_settings.ComponentsSettings.extensions_defaults',
        }),
        dict({
          'canonical_anchor': 'autodiscover',
          'display_name': 'autodiscover',
          'dotted_path': 'django_components.app_settings.ComponentsSettings.autodiscover',
          'kind': 'setting',
          'legacy_anchor': 'django_components.app_settings.ComponentsSettings.autodiscover',
        }),
        dict({
          'canonical_anchor': 'dirs',
          'display_name': 'dirs',
          'dotted_path': 'django_components.app_settings.ComponentsSettings.dirs',
          'kind': 'setting',
          'legacy_anchor': 'django_components.app_settings.ComponentsSettings.dirs',
        }),
        dict({
          'canonical_anchor': 'app_dirs',
          'display_name': 'app_dirs',
          'dotted_path': 'django_components.app_settings.ComponentsSettings.app_dirs',
          'kind': 'setting',
          'legacy_anchor': 'django_components.app_settings.ComponentsSettings.app_dirs',
        }),
        dict({
          'canonical_anchor': 'cache',
          'display_name': 'cache',
          'dotted_path': 'django_components.app_settings.ComponentsSettings.cache',
          'kind': 'setting',
          'legacy_anchor': 'django_components.app_settings.ComponentsSettings.cache',
        }),
        dict({
          'canonical_anchor': 'context_behavior',
          'display_name': 'context_behavior',
          'dotted_path': 'django_components.app_settings.ComponentsSettings.context_behavior',
          'kind': 'setting',
          'legacy_anchor': 'django_components.app_settings.ComponentsSettings.context_behavior',
        }),
        dict({
          'canonical_anchor': 'debug_highlight_components',
          'display_name': 'debug_highlight_components',
          'dotted_path': 'django_components.app_settings.ComponentsSettings.debug_highlight_components',
          'kind': 'setting',
          'legacy_anchor': 'django_components.app_settings.ComponentsSettings.debug_highlight_components',
        }),
        dict({
          'canonical_anchor': 'debug_highlight_slots',
          'display_name': 'debug_highlight_slots',
          'dotted_path': 'django_components.app_settings.ComponentsSettings.debug_highlight_slots',
          'kind': 'setting',
          'legacy_anchor': 'django_components.app_settings.ComponentsSettings.debug_highlight_slots',
        }),
        dict({
          'canonical_anchor': 'dynamic_component_name',
          'display_name': 'dynamic_component_name',
          'dotted_path': 'django_components.app_settings.ComponentsSettings.dynamic_component_name',
          'kind': 'setting',
          'legacy_anchor': 'django_components.app_settings.ComponentsSettings.dynamic_component_name',
        }),
        dict({
          'canonical_anchor': 'libraries',
          'display_name': 'libraries',
          'dotted_path': 'django_components.app_settings.ComponentsSettings.libraries',
          'kind': 'setting',
          'legacy_anchor': 'django_components.app_settings.ComponentsSettings.libraries',
        }),
        dict({
          'canonical_anchor': 'multiline_tags',
          'display_name': 'multiline_tags',
          'dotted_path': 'django_components.app_settings.ComponentsSettings.multiline_tags',
          'kind': 'setting',
          'legacy_anchor': 'django_components.app_settings.ComponentsSettings.multiline_tags',
        }),
        dict({
          'canonical_anchor': 'reload_on_template_change',
          'display_name': 'reload_on_template_change',
          'dotted_path': 'django_components.app_settings.ComponentsSettings.reload_on_template_change',
          'kind': 'setting',
          'legacy_anchor': 'django_components.app_settings.ComponentsSettings.reload_on_template_change',
        }),
        dict({
          'canonical_anchor': 'reload_on_file_change',
          'display_name': 'reload_on_file_change',
          'dotted_path': 'django_components.app_settings.ComponentsSettings.reload_on_file_change',
          'kind': 'setting',
          'legacy_anchor': 'django_components.app_settings.ComponentsSettings.reload_on_file_change',
        }),
        dict({
          'canonical_anchor': 'static_files_allowed',
          'display_name': 'static_files_allowed',
          'dotted_path': 'django_components.app_settings.ComponentsSettings.static_files_allowed',
          'kind': 'setting',
          'legacy_anchor': 'django_components.app_settings.ComponentsSettings.static_files_allowed',
        }),
        dict({
          'canonical_anchor': 'forbidden_static_files',
          'display_name': 'forbidden_static_files',
          'dotted_path': 'django_components.app_settings.ComponentsSettings.forbidden_static_files',
          'kind': 'setting',
          'legacy_anchor': 'django_components.app_settings.ComponentsSettings.forbidden_static_files',
        }),
        dict({
          'canonical_anchor': 'static_files_forbidden',
          'display_name': 'static_files_forbidden',
          'dotted_path': 'django_components.app_settings.ComponentsSettings.static_files_forbidden',
          'kind': 'setting',
          'legacy_anchor': 'django_components.app_settings.ComponentsSettings.static_files_forbidden',
        }),
        dict({
          'canonical_anchor': 'tag_formatter',
          'display_name': 'tag_formatter',
          'dotted_path': 'django_components.app_settings.ComponentsSettings.tag_formatter',
          'kind': 'setting',
          'legacy_anchor': 'django_components.app_settings.ComponentsSettings.tag_formatter',
        }),
        dict({
          'canonical_anchor': 'template_cache_size',
          'display_name': 'template_cache_size',
          'dotted_path': 'django_components.app_settings.ComponentsSettings.template_cache_size',
          'kind': 'setting',
          'legacy_anchor': 'django_components.app_settings.ComponentsSettings.template_cache_size',
        }),
      ]),
      'layout': 'settings',
      'title': 'Settings',
    }),
    'signals': dict({
      'entries': list([
      ]),
      'layout': 'repeater',
      'title': 'Signals',
    }),
    'tag_formatters': dict({
      'entries': list([
        dict({
          'canonical_anchor': 'ComponentFormatter',
          'display_name': 'ComponentFormatter',
          'dotted_path': 'django_components.tag_formatter.ComponentFormatter',
          'kind': 'tag_formatter',
          'legacy_anchor': 'django_components.tag_formatter.ComponentFormatter',
        }),
        dict({
          'canonical_anchor': 'ShorthandComponentFormatter',
          'display_name': 'ShorthandComponentFormatter',
          'dotted_path': 'django_components.tag_formatter.ShorthandComponentFormatter',
          'kind': 'tag_formatter',
          'legacy_anchor': 'django_components.tag_formatter.ShorthandComponentFormatter',
        }),
      ]),
      'layout': 'repeater',
      'title': 'Tag formatters',
    }),
    'template_tags': dict({
      'entries': list([
        dict({
          'canonical_anchor': 'component',
          'display_name': 'component',
          'dotted_path': 'django_components.component.ComponentNode',
          'kind': 'template_tag',
          'legacy_anchor': 'component',
        }),
        dict({
          'canonical_anchor': 'component_css_dependencies',
          'display_name': 'component_css_dependencies',
          'dotted_path': 'django_components.dependencies.ComponentCssDependenciesNode',
          'kind': 'template_tag',
          'legacy_anchor': 'component_css_dependencies',
        }),
        dict({
          'canonical_anchor': 'component_js_dependencies',
          'display_name': 'component_js_dependencies',
          'dotted_path': 'django_components.dependencies.ComponentJsDependenciesNode',
          'kind': 'template_tag',
          'legacy_anchor': 'component_js_dependencies',
        }),
        dict({
          'canonical_anchor': 'fill',
          'display_name': 'fill',
          'dotted_path': 'django_components.slots.FillNode',
          'kind': 'template_tag',
          'legacy_anchor': 'fill',
        }),
        dict({
          'canonical_anchor': 'html_attrs',
          'display_name': 'html_attrs',
          'dotted_path': 'django_components.attributes.HtmlAttrsNode',
          'kind': 'template_tag',
          'legacy_anchor': 'html_attrs',
        }),
        dict({
          'canonical_anchor': 'provide',
          'display_name': 'provide',
          'dotted_path': 'django_components.provide.ProvideNode',
          'kind': 'template_tag',
          'legacy_anchor': 'provide',
        }),
        dict({
          'canonical_anchor': 'slot',
          'display_name': 'slot',
          'dotted_path': 'django_components.slots.SlotNode',
          'kind': 'template_tag',
          'legacy_anchor': 'slot',
        }),
      ]),
      'layout': 'repeater',
      'title': 'Template tags',
    }),
    'template_variables': dict({
      'entries': list([
        dict({
          'canonical_anchor': 'args',
          'display_name': 'args',
          'dotted_path': 'django_components.component.ComponentVars.args',
          'kind': 'setting',
          'legacy_anchor': 'django_components.component.ComponentVars.args',
        }),
        dict({
          'canonical_anchor': 'kwargs',
          'display_name': 'kwargs',
          'dotted_path': 'django_components.component.ComponentVars.kwargs',
          'kind': 'setting',
          'legacy_anchor': 'django_components.component.ComponentVars.kwargs',
        }),
        dict({
          'canonical_anchor': 'slots',
          'display_name': 'slots',
          'dotted_path': 'django_components.component.ComponentVars.slots',
          'kind': 'setting',
          'legacy_anchor': 'django_components.component.ComponentVars.slots',
        }),
        dict({
          'canonical_anchor': 'is_filled',
          'display_name': 'is_filled',
          'dotted_path': 'django_components.component.ComponentVars.is_filled',
          'kind': 'setting',
          'legacy_anchor': 'django_components.component.ComponentVars.is_filled',
        }),
      ]),
      'layout': 'repeater',
      'title': 'Template variables',
    }),
    'testing_api': dict({
      'entries': list([
        dict({
          'canonical_anchor': 'djc_test',
          'display_name': 'djc_test',
          'dotted_path': 'django_components.testing.djc_test',
          'kind': 'class',
          'legacy_anchor': 'django_components.testing.djc_test',
        }),
      ]),
      'layout': 'repeater',
      'title': 'Testing API',
    }),
    'urls': dict({
      'entries': list([
      ]),
      'layout': 'repeater',
      'title': 'URLs',
    }),
  })
# ---
